
*** Running vivado
    with args -log mux.vds -m64 -product Vivado -mode batch -messageDb vivado.pb -notrace -source mux.tcl


****** Vivado v2025.2 (64-bit)
  **** SW Build 6299465 on Fri Nov 14 12:34:56 MST 2025
  **** IP Build 6300035 on Fri Nov 14 10:48:45 MST 2025
  **** SharedData Build 6298862 on Thu Nov 13 04:50:51 MST 2025
  **** Start of session at: Wed Sep  2 17:44:35 2026
    ** Copyright 1986-2022 Xilinx, Inc. All Rights Reserved.
    ** Copyright 2022-2025 Advanced Micro Devices, Inc. All Rights Reserved.

source mux.tcl -notrace
Command: read_checkpoint -auto_incremental -incremental /home/serhii/workspace/fpga/fpga_dev_curses/lesson_4/Task_2/Task_2.srcs/utils_1/imports/synth_1/decoder.dcp
INFO: [Vivado 12-5825] Read reference checkpoint from /home/serhii/workspace/fpga/fpga_dev_curses/lesson_4/Task_2/Task_2.srcs/utils_1/imports/synth_1/decoder.dcp for incremental synthesis
INFO: [Vivado 12-7989] Please ensure there are no constraint changes
Command: synth_design -top mux -part xc7z020clg484-2
Starting synth_design
Attempting to get a license for feature 'Synthesis' and/or device 'xc7z020'
INFO: [Common 17-349] Got license for feature 'Synthesis' and/or device 'xc7z020'
INFO: [Designutils 20-5440] No compile time benefit to using incremental synthesis; A full resynthesis will be run
INFO: [Designutils 20-4379] Flow is switching to default flow due to incremental criteria not met. If you would like to alter this behaviour and have the flow terminate instead, please set the following parameter config_implementation {autoIncr.Synth.RejectBehavior Terminate}
INFO: [Synth 8-7079] Multithreading enabled for synth_design using a maximum of 7 processes.
INFO: [Synth 8-7078] Launching helper process for spawning children vivado processes
INFO: [Synth 8-7075] Helper process launched with PID 45864
---------------------------------------------------------------------------------
Starting Synthesize : Time (s): cpu = 00:00:02 ; elapsed = 00:00:02 . Memory (MB): peak = 2037.770 ; gain = 414.672 ; free physical = 15752 ; free virtual = 32697
---------------------------------------------------------------------------------
INFO: [Synth 8-6157] synthesizing module 'mux' [/home/serhii/workspace/fpga/fpga_dev_curses/lesson_4/Task_2/Task_2.srcs/sources_1/new/mux.sv:22]
INFO: [Synth 8-155] case statement is not full and has no default [/home/serhii/workspace/fpga/fpga_dev_curses/lesson_4/Task_2/Task_2.srcs/sources_1/new/mux.sv:28]
INFO: [Synth 8-6155] done synthesizing module 'mux' (0#1) [/home/serhii/workspace/fpga/fpga_dev_curses/lesson_4/Task_2/Task_2.srcs/sources_1/new/mux.sv:22]
WARNING: [Synth 8-87] always_comb on 'out_reg' did not result in combinational logic [/home/serhii/workspace/fpga/fpga_dev_curses/lesson_4/Task_2/Task_2.srcs/sources_1/new/mux.sv:29]
WARNING: [Synth 8-7129] Port in[0] in module mux is either unconnected or has no load
---------------------------------------------------------------------------------
Finished Synthesize : Time (s): cpu = 00:00:03 ; elapsed = 00:00:03 . Memory (MB): peak = 2121.738 ; gain = 498.641 ; free physical = 15657 ; free virtual = 32603
---------------------------------------------------------------------------------
---------------------------------------------------------------------------------
Finished Constraint Validation : Time (s): cpu = 00:00:03 ; elapsed = 00:00:03 . Memory (MB): peak = 2133.613 ; gain = 510.516 ; free physical = 15611 ; free virtual = 32559
---------------------------------------------------------------------------------
---------------------------------------------------------------------------------
Start Loading Part and Timing Information
---------------------------------------------------------------------------------
Loading part: xc7z020clg484-2
---------------------------------------------------------------------------------
INFO: [Device 21-403] Loading part xc7z020clg484-2
Finished Loading Part and Timing Information : Time (s): cpu = 00:00:03 ; elapsed = 00:00:03 . Memory (MB): peak = 2133.613 ; gain = 510.516 ; free physical = 15607 ; free virtual = 32555
---------------------------------------------------------------------------------
WARNING: [Synth 8-327] inferring latch for variable 'out_reg' [/home/serhii/workspace/fpga/fpga_dev_curses/lesson_4/Task_2/Task_2.srcs/sources_1/new/mux.sv:29]
---------------------------------------------------------------------------------
Finished RTL Optimization Phase 2 : Time (s): cpu = 00:00:03 ; elapsed = 00:00:03 . Memory (MB): peak = 2141.621 ; gain = 518.523 ; free physical = 15568 ; free virtual = 32517
---------------------------------------------------------------------------------
No constraint files found.
---------------------------------------------------------------------------------
Start RTL Component Statistics 
---------------------------------------------------------------------------------
Detailed RTL Component Info : 
+---Muxes : 
	   4 Input    1 Bit        Muxes := 2     
---------------------------------------------------------------------------------
Finished RTL Component Statistics 
---------------------------------------------------------------------------------
---------------------------------------------------------------------------------
Start Part Resource Summary
---------------------------------------------------------------------------------
Part Resources:
DSPs: 220 (col length:60)
BRAMs: 280 (col length: RAMB18 60 RAMB36 30)
---------------------------------------------------------------------------------
Finished Part Resource Summary
---------------------------------------------------------------------------------
No constraint files found.
---------------------------------------------------------------------------------
Start Cross Boundary and Area Optimization
---------------------------------------------------------------------------------
---------------------------------------------------------------------------------
Finished Cross Boundary and Area Optimization : Time (s): cpu = 00:00:05 ; elapsed = 00:00:05 . Memory (MB): peak = 2287.496 ; gain = 664.398 ; free physical = 15252 ; free virtual = 32204
---------------------------------------------------------------------------------
No constraint files found.
---------------------------------------------------------------------------------
Start Timing Optimization
---------------------------------------------------------------------------------
---------------------------------------------------------------------------------
Finished Timing Optimization : Time (s): cpu = 00:00:05 ; elapsed = 00:00:05 . Memory (MB): peak = 2301.371 ; gain = 678.273 ; free physical = 15259 ; free virtual = 32211
---------------------------------------------------------------------------------
---------------------------------------------------------------------------------
Start Technology Mapping
---------------------------------------------------------------------------------
---------------------------------------------------------------------------------
Finished Technology Mapping : Time (s): cpu = 00:00:05 ; elapsed = 00:00:05 . Memory (MB): peak = 2301.371 ; gain = 678.273 ; free physical = 15259 ; free virtual = 32211
---------------------------------------------------------------------------------
---------------------------------------------------------------------------------
Start IO Insertion
---------------------------------------------------------------------------------
---------------------------------------------------------------------------------
Start Flattening Before IO Insertion
---------------------------------------------------------------------------------
---------------------------------------------------------------------------------
Finished Flattening Before IO Insertion
---------------------------------------------------------------------------------
---------------------------------------------------------------------------------
Start Final Netlist Cleanup
---------------------------------------------------------------------------------
---------------------------------------------------------------------------------
Finished Final Netlist Cleanup
---------------------------------------------------------------------------------
---------------------------------------------------------------------------------
Finished IO Insertion : Time (s): cpu = 00:00:07 ; elapsed = 00:00:07 . Memory (MB): peak = 2485.184 ; gain = 862.086 ; free physical = 15190 ; free virtual = 32142
---------------------------------------------------------------------------------
---------------------------------------------------------------------------------
Start Renaming Generated Instances
---------------------------------------------------------------------------------
---------------------------------------------------------------------------------
Finished Renaming Generated Instances : Time (s): cpu = 00:00:07 ; elapsed = 00:00:07 . Memory (MB): peak = 2485.184 ; gain = 862.086 ; free physical = 15190 ; free virtual = 32142
---------------------------------------------------------------------------------
---------------------------------------------------------------------------------
Start Rebuilding User Hierarchy
---------------------------------------------------------------------------------
---------------------------------------------------------------------------------
Finished Rebuilding User Hierarchy : Time (s): cpu = 00:00:07 ; elapsed = 00:00:07 . Memory (MB): peak = 2485.184 ; gain = 862.086 ; free physical = 15190 ; free virtual = 32142
---------------------------------------------------------------------------------
---------------------------------------------------------------------------------
Start Renaming Generated Ports
---------------------------------------------------------------------------------
---------------------------------------------------------------------------------
Finished Renaming Generated Ports : Time (s): cpu = 00:00:07 ; elapsed = 00:00:07 . Memory (MB): peak = 2485.184 ; gain = 862.086 ; free physical = 15190 ; free virtual = 32142
---------------------------------------------------------------------------------
---------------------------------------------------------------------------------
Start Handling Custom Attributes
---------------------------------------------------------------------------------
---------------------------------------------------------------------------------
Finished Handling Custom Attributes : Time (s): cpu = 00:00:07 ; elapsed = 00:00:07 . Memory (MB): peak = 2485.184 ; gain = 862.086 ; free physical = 15190 ; free virtual = 32142
---------------------------------------------------------------------------------
---------------------------------------------------------------------------------
Start Renaming Generated Nets
---------------------------------------------------------------------------------
---------------------------------------------------------------------------------
Finished Renaming Generated Nets : Time (s): cpu = 00:00:07 ; elapsed = 00:00:07 . Memory (MB): peak = 2485.184 ; gain = 862.086 ; free physical = 15190 ; free virtual = 32142
---------------------------------------------------------------------------------
---------------------------------------------------------------------------------
Start Writing Synthesis Report
---------------------------------------------------------------------------------

Report BlackBoxes: 
+-+--------------+----------+
| |BlackBox name |Instances |
+-+--------------+----------+
+-+--------------+----------+

Report Cell Usage: 
+------+-----+------+
|      |Cell |Count |
+------+-----+------+
|1     |LUT2 |     1|
|2     |LUT5 |     1|
|3     |LD   |     1|
|4     |IBUF |     5|
|5     |OBUF |     1|
+------+-----+------+

Report Instance Areas: 
+------+---------+-------+------+
|      |Instance |Module |Cells |
+------+---------+-------+------+
|1     |top      |       |     9|
+------+---------+-------+------+
---------------------------------------------------------------------------------
Finished Writing Synthesis Report : Time (s): cpu = 00:00:07 ; elapsed = 00:00:07 . Memory (MB): peak = 2485.184 ; gain = 862.086 ; free physical = 15190 ; free virtual = 32142
---------------------------------------------------------------------------------
Synthesis finished with 0 errors, 0 critical warnings and 3 warnings.
Synthesis Optimization Runtime : Time (s): cpu = 00:00:07 ; elapsed = 00:00:07 . Memory (MB): peak = 2485.184 ; gain = 862.086 ; free physical = 15190 ; free virtual = 32142
Synthesis Optimization Complete : Time (s): cpu = 00:00:07 ; elapsed = 00:00:07 . Memory (MB): peak = 2485.191 ; gain = 862.086 ; free physical = 15190 ; free virtual = 32142
INFO: [Project 1-571] Translating synthesized netlist
Netlist sorting complete. Time (s): cpu = 00:00:00 ; elapsed = 00:00:00 . Memory (MB): peak = 2499.059 ; gain = 0.000 ; free physical = 15309 ; free virtual = 32261
INFO: [Netlist 29-17] Analyzing 1 Unisim elements for replacement
INFO: [Netlist 29-28] Unisim Transformation completed in 0 CPU seconds
INFO: [Project 1-570] Preparing netlist for logic optimization
INFO: [Opt 31-138] Pushed 0 inverter(s) to 0 load pin(s).
Netlist sorting complete. Time (s): cpu = 00:00:00 ; elapsed = 00:00:00 . Memory (MB): peak = 2646.641 ; gain = 0.000 ; free physical = 15277 ; free virtual = 32230
INFO: [Project 1-111] Unisim Transformation Summary:
  A total of 1 instances were transformed.
  LD => LDCE: 1 instance 

Synth Design complete | Checksum: f524238b
INFO: [Common 17-83] Releasing license: Synthesis
19 Infos, 3 Warnings, 0 Critical Warnings and 0 Errors encountered.
synth_design completed successfully
synth_design: Time (s): cpu = 00:00:10 ; elapsed = 00:00:09 . Memory (MB): peak = 2646.676 ; gain = 1023.578 ; free physical = 15277 ; free virtual = 32230
INFO: [Common 17-2834] synth_design peak Physical Memory [PSS] (MB): overall = 1783.835; main = 1783.835; forked = 0.000
INFO: [Common 17-2834] synth_design peak Virtual Memory [VSS] (MB): overall = 2646.645; main = 2646.645; forked = 0.000
Write ShapeDB Complete: Time (s): cpu = 00:00:00 ; elapsed = 00:00:00 . Memory (MB): peak = 2670.652 ; gain = 0.000 ; free physical = 15277 ; free virtual = 32230
INFO: [Common 17-1381] The checkpoint '/home/serhii/workspace/fpga/fpga_dev_curses/lesson_4/Task_2/Task_2.runs/synth_1/mux.dcp' has been generated.
INFO: [Vivado 12-24828] Executing command : report_utilization -file mux_utilization_synth.rpt -pb mux_utilization_synth.pb
INFO: [Common 17-206] Exiting Vivado at Wed Sep  2 17:44:46 2026...
