
*** Running vivado
    with args -log fir_plined.vdi -applog -m64 -product Vivado -messageDb vivado.pb -mode batch -source fir_plined.tcl -notrace


****** Vivado v2025.2 (64-bit)
  **** SW Build 6299465 on Fri Nov 14 12:34:56 MST 2025
  **** IP Build 6300035 on Fri Nov 14 10:48:45 MST 2025
  **** SharedData Build 6298862 on Thu Nov 13 04:50:51 MST 2025
  **** Start of session at: Tue Sep 15 23:37:15 2026
    ** Copyright 1986-2022 Xilinx, Inc. All Rights Reserved.
    ** Copyright 2022-2025 Advanced Micro Devices, Inc. All Rights Reserved.

source fir_plined.tcl -notrace
Command: link_design -top fir_plined -part xc7z020clg484-2
Design is defaulting to srcset: sources_1
Design is defaulting to constrset: constrs_1
INFO: [Device 21-403] Loading part xc7z020clg484-2
Netlist sorting complete. Time (s): cpu = 00:00:00 ; elapsed = 00:00:00 . Memory (MB): peak = 1776.164 ; gain = 0.000 ; free physical = 14337 ; free virtual = 30114
INFO: [Netlist 29-17] Analyzing 4 Unisim elements for replacement
INFO: [Netlist 29-28] Unisim Transformation completed in 0 CPU seconds
INFO: [Project 1-479] Netlist was created with Vivado 2025.2
INFO: [Project 1-570] Preparing netlist for logic optimization
Parsing XDC File [/home/serhii/workspace/fpga/fpga_dev_curses/lesson_6_7/Task_3_plined/Task_3_plined.srcs/constrs_1/new/fir.xdc]
Finished Parsing XDC File [/home/serhii/workspace/fpga/fpga_dev_curses/lesson_6_7/Task_3_plined/Task_3_plined.srcs/constrs_1/new/fir.xdc]
INFO: [Opt 31-138] Pushed 0 inverter(s) to 0 load pin(s).
Netlist sorting complete. Time (s): cpu = 00:00:00 ; elapsed = 00:00:00 . Memory (MB): peak = 1910.707 ; gain = 0.000 ; free physical = 14211 ; free virtual = 29988
INFO: [Project 1-111] Unisim Transformation Summary:
No Unisim elements were transformed.

7 Infos, 0 Warnings, 0 Critical Warnings and 0 Errors encountered.
link_design completed successfully
Command: opt_design
Attempting to get a license for feature 'Implementation' and/or device 'xc7z020'
INFO: [Common 17-349] Got license for feature 'Implementation' and/or device 'xc7z020'
Running DRC as a precondition to command opt_design

Starting DRC Task
INFO: [DRC 23-27] Running DRC with 8 threads
INFO: [Project 1-461] DRC finished with 0 Errors
INFO: [Project 1-462] Please refer to the DRC report (report_drc) for more information.

Time (s): cpu = 00:00:00.34 ; elapsed = 00:00:00.16 . Memory (MB): peak = 2096.777 ; gain = 186.035 ; free physical = 14167 ; free virtual = 29944

Starting Cache Timing Information Task
INFO: [Timing 38-35] Done setting XDC timing constraints.
Ending Cache Timing Information Task | Checksum: 9d66c1c0

Time (s): cpu = 00:00:02 ; elapsed = 00:00:02 . Memory (MB): peak = 2444.730 ; gain = 347.953 ; free physical = 13766 ; free virtual = 29543

Starting Logic Optimization Task

Phase 1 Initialization

Phase 1.1 Core Generation And Design Setup
Phase 1.1 Core Generation And Design Setup | Checksum: 9d66c1c0

Time (s): cpu = 00:00:00 ; elapsed = 00:00:00 . Memory (MB): peak = 2827.449 ; gain = 0.000 ; free physical = 13397 ; free virtual = 29174

Phase 1.2 Setup Constraints And Sort Netlist
Phase 1.2 Setup Constraints And Sort Netlist | Checksum: 9d66c1c0

Time (s): cpu = 00:00:00 ; elapsed = 00:00:00 . Memory (MB): peak = 2827.449 ; gain = 0.000 ; free physical = 13397 ; free virtual = 29174
Phase 1 Initialization | Checksum: 9d66c1c0

Time (s): cpu = 00:00:00 ; elapsed = 00:00:00 . Memory (MB): peak = 2827.449 ; gain = 0.000 ; free physical = 13397 ; free virtual = 29174

Phase 2 Timer Update And Timing Data Collection

Phase 2.1 Detect if minReqCache needed
Phase 2.1 Detect if minReqCache needed | Checksum: 9d66c1c0

Time (s): cpu = 00:00:00 ; elapsed = 00:00:00.01 . Memory (MB): peak = 2827.449 ; gain = 0.000 ; free physical = 13397 ; free virtual = 29174

Phase 2.2 Timer Update
Phase 2.2 Timer Update | Checksum: 9d66c1c0

Time (s): cpu = 00:00:00.04 ; elapsed = 00:00:00.01 . Memory (MB): peak = 2827.449 ; gain = 0.000 ; free physical = 13397 ; free virtual = 29174

Phase 2.3 Timing Data Collection
Phase 2.3 Timing Data Collection | Checksum: 9d66c1c0

Time (s): cpu = 00:00:00.04 ; elapsed = 00:00:00.01 . Memory (MB): peak = 2827.449 ; gain = 0.000 ; free physical = 13397 ; free virtual = 29174
Phase 2 Timer Update And Timing Data Collection | Checksum: 9d66c1c0

Time (s): cpu = 00:00:00.04 ; elapsed = 00:00:00.01 . Memory (MB): peak = 2827.449 ; gain = 0.000 ; free physical = 13397 ; free virtual = 29174

Phase 3 Retarget
INFO: [Opt 31-1851] Number of loadless carry chains removed were: 0
INFO: [Opt 31-1834] Total Chains To Be Transformed Were: 0 AND Number of Transformed insts Created are: 0
INFO: [Opt 31-138] Pushed 0 inverter(s) to 0 load pin(s).
INFO: [Opt 31-49] Retargeted 0 cell(s).
Phase 3 Retarget | Checksum: 9d66c1c0

Time (s): cpu = 00:00:00.04 ; elapsed = 00:00:00.02 . Memory (MB): peak = 2827.449 ; gain = 0.000 ; free physical = 13397 ; free virtual = 29174
Retarget | Checksum: 9d66c1c0
INFO: [Opt 31-389] Phase Retarget created 0 cells and removed 0 cells

Phase 4 Constant propagation
INFO: [Opt 31-138] Pushed 0 inverter(s) to 0 load pin(s).
Phase 4 Constant propagation | Checksum: 9d66c1c0

Time (s): cpu = 00:00:00.04 ; elapsed = 00:00:00.02 . Memory (MB): peak = 2827.449 ; gain = 0.000 ; free physical = 13397 ; free virtual = 29174
Constant propagation | Checksum: 9d66c1c0
INFO: [Opt 31-389] Phase Constant propagation created 0 cells and removed 0 cells

Phase 5 Sweep
INFO: [Constraints 18-11670] Building netlist checker database with flags, 0x8
Done building netlist checker database: Time (s): cpu = 00:00:00 ; elapsed = 00:00:00 . Memory (MB): peak = 2827.449 ; gain = 0.000 ; free physical = 13397 ; free virtual = 29174
Phase 5 Sweep | Checksum: c7be71c1

Time (s): cpu = 00:00:00.05 ; elapsed = 00:00:00.03 . Memory (MB): peak = 2827.449 ; gain = 0.000 ; free physical = 13397 ; free virtual = 29174
Sweep | Checksum: c7be71c1
INFO: [Opt 31-389] Phase Sweep created 0 cells and removed 0 cells

Phase 6 BUFG optimization
Phase 6 BUFG optimization | Checksum: c7be71c1

Time (s): cpu = 00:00:00.05 ; elapsed = 00:00:00.03 . Memory (MB): peak = 2859.465 ; gain = 32.016 ; free physical = 13397 ; free virtual = 29174
BUFG optimization | Checksum: c7be71c1
INFO: [Opt 31-662] Phase BUFG optimization created 0 cells of which 0 are BUFGs and removed 0 cells.

Phase 7 Shift Register Optimization
INFO: [Opt 31-1064] SRL Remap converted 0 SRLs to 0 registers and converted 0 registers of register chains to 0 SRLs
Phase 7 Shift Register Optimization | Checksum: c7be71c1

Time (s): cpu = 00:00:00.05 ; elapsed = 00:00:00.03 . Memory (MB): peak = 2859.465 ; gain = 32.016 ; free physical = 13397 ; free virtual = 29174
Shift Register Optimization | Checksum: c7be71c1
INFO: [Opt 31-389] Phase Shift Register Optimization created 0 cells and removed 0 cells

Phase 8 Post Processing Netlist
Phase 8 Post Processing Netlist | Checksum: c7be71c1

Time (s): cpu = 00:00:00.05 ; elapsed = 00:00:00.03 . Memory (MB): peak = 2859.465 ; gain = 32.016 ; free physical = 13397 ; free virtual = 29174
Post Processing Netlist | Checksum: c7be71c1
INFO: [Opt 31-389] Phase Post Processing Netlist created 0 cells and removed 0 cells

Phase 9 Finalization

Phase 9.1 Finalizing Design Cores and Updating Shapes
Phase 9.1 Finalizing Design Cores and Updating Shapes | Checksum: 190767f77

Time (s): cpu = 00:00:00.06 ; elapsed = 00:00:00.04 . Memory (MB): peak = 2859.465 ; gain = 32.016 ; free physical = 13397 ; free virtual = 29174

Phase 9.2 Verifying Netlist Connectivity

Starting Connectivity Check Task

Time (s): cpu = 00:00:00 ; elapsed = 00:00:00 . Memory (MB): peak = 2859.465 ; gain = 0.000 ; free physical = 13397 ; free virtual = 29174
Phase 9.2 Verifying Netlist Connectivity | Checksum: 190767f77

Time (s): cpu = 00:00:00.06 ; elapsed = 00:00:00.04 . Memory (MB): peak = 2859.465 ; gain = 32.016 ; free physical = 13397 ; free virtual = 29174
Phase 9 Finalization | Checksum: 190767f77

Time (s): cpu = 00:00:00.06 ; elapsed = 00:00:00.04 . Memory (MB): peak = 2859.465 ; gain = 32.016 ; free physical = 13397 ; free virtual = 29174
Opt_design Change Summary
=========================


-------------------------------------------------------------------------------------------------------------------------
|  Phase                        |  #Cells created  |  #Cells Removed  |  #Constrained objects preventing optimizations  |
-------------------------------------------------------------------------------------------------------------------------
|  Retarget                     |               0  |               0  |                                              0  |
|  Constant propagation         |               0  |               0  |                                              0  |
|  Sweep                        |               0  |               0  |                                              0  |
|  BUFG optimization            |               0  |               0  |                                              0  |
|  Shift Register Optimization  |               0  |               0  |                                              0  |
|  Post Processing Netlist      |               0  |               0  |                                              0  |
-------------------------------------------------------------------------------------------------------------------------


Ending Logic Optimization Task | Checksum: 190767f77

Time (s): cpu = 00:00:00.06 ; elapsed = 00:00:00.04 . Memory (MB): peak = 2859.465 ; gain = 32.016 ; free physical = 13397 ; free virtual = 29174

Starting Power Optimization Task
INFO: [Pwropt 34-132] Skipping clock gating for clocks with a period < 2.00 ns.
Ending Power Optimization Task | Checksum: 190767f77

Time (s): cpu = 00:00:00 ; elapsed = 00:00:00 . Memory (MB): peak = 2859.465 ; gain = 0.000 ; free physical = 13397 ; free virtual = 29174

Starting Final Cleanup Task
Ending Final Cleanup Task | Checksum: 190767f77

Time (s): cpu = 00:00:00 ; elapsed = 00:00:00 . Memory (MB): peak = 2859.465 ; gain = 0.000 ; free physical = 13397 ; free virtual = 29174
Netlist sorting complete. Time (s): cpu = 00:00:00 ; elapsed = 00:00:00 . Memory (MB): peak = 2859.465 ; gain = 0.000 ; free physical = 13397 ; free virtual = 29174
INFO: [Common 17-83] Releasing license: Implementation
27 Infos, 0 Warnings, 0 Critical Warnings and 0 Errors encountered.
opt_design completed successfully
INFO: [Vivado 12-24828] Executing command : report_drc -file fir_plined_drc_opted.rpt -pb fir_plined_drc_opted.pb -rpx fir_plined_drc_opted.rpx
Command: report_drc -file fir_plined_drc_opted.rpt -pb fir_plined_drc_opted.pb -rpx fir_plined_drc_opted.rpx
INFO: [IP_Flow 19-234] Refreshing IP repositories
INFO: [IP_Flow 19-1704] No user IP repositories specified
INFO: [IP_Flow 19-2313] Loaded Vivado IP repository '/home/serhii/Xilinx/2025.2/data/ip'.
INFO: [DRC 23-27] Running DRC with 8 threads
INFO: [Vivado_Tcl 2-168] The results of DRC are in file /home/serhii/workspace/fpga/fpga_dev_curses/lesson_6_7/Task_3_plined/Task_3_plined.runs/impl_1/fir_plined_drc_opted.rpt.
report_drc completed successfully
INFO: [Timing 38-480] Writing timing data to binary archive.
Write ShapeDB Complete: Time (s): cpu = 00:00:00 ; elapsed = 00:00:00 . Memory (MB): peak = 2859.465 ; gain = 0.000 ; free physical = 13395 ; free virtual = 29172
INFO: [Common 17-1381] The checkpoint '/home/serhii/workspace/fpga/fpga_dev_curses/lesson_6_7/Task_3_plined/Task_3_plined.runs/impl_1/fir_plined_opt.dcp' has been generated.
Command: place_design
Attempting to get a license for feature 'Implementation' and/or device 'xc7z020'
INFO: [Common 17-349] Got license for feature 'Implementation' and/or device 'xc7z020'
INFO: [Common 17-83] Releasing license: Implementation
INFO: [DRC 23-27] Running DRC with 8 threads
INFO: [Vivado_Tcl 4-198] DRC finished with 0 Errors
INFO: [Vivado_Tcl 4-199] Please refer to the DRC report (report_drc) for more information.
INFO: [Timing 38-35] Done setting XDC timing constraints.
Running DRC as a precondition to command place_design
INFO: [DRC 23-27] Running DRC with 8 threads
INFO: [Vivado_Tcl 4-198] DRC finished with 0 Errors
INFO: [Vivado_Tcl 4-199] Please refer to the DRC report (report_drc) for more information.
INFO: [Place 30-611] Multithreading enabled for place_design using a maximum of 8 CPUs

Starting Placer Task

Phase 1 Placer Initialization

Phase 1.1 Placer Initialization Netlist Sorting
Netlist sorting complete. Time (s): cpu = 00:00:00 ; elapsed = 00:00:00 . Memory (MB): peak = 2859.465 ; gain = 0.000 ; free physical = 13391 ; free virtual = 29168
Phase 1.1 Placer Initialization Netlist Sorting | Checksum: db2747b3

Time (s): cpu = 00:00:00 ; elapsed = 00:00:00 . Memory (MB): peak = 2859.465 ; gain = 0.000 ; free physical = 13391 ; free virtual = 29168
Netlist sorting complete. Time (s): cpu = 00:00:00 ; elapsed = 00:00:00 . Memory (MB): peak = 2859.465 ; gain = 0.000 ; free physical = 13391 ; free virtual = 29168

Phase 1.2 IO Placement/ Clock Placement/ Build Placer Device
Phase 1.2 IO Placement/ Clock Placement/ Build Placer Device | Checksum: dff58ecd

Time (s): cpu = 00:00:00.35 ; elapsed = 00:00:00.21 . Memory (MB): peak = 2859.465 ; gain = 0.000 ; free physical = 13391 ; free virtual = 29168

Phase 1.3 Build Placer Netlist Model
Phase 1.3 Build Placer Netlist Model | Checksum: 1380edfec

Time (s): cpu = 00:00:00.53 ; elapsed = 00:00:00.28 . Memory (MB): peak = 2898.508 ; gain = 39.043 ; free physical = 13390 ; free virtual = 29167

Phase 1.4 Constrain Clocks/Macros
Phase 1.4 Constrain Clocks/Macros | Checksum: 1380edfec

Time (s): cpu = 00:00:00.54 ; elapsed = 00:00:00.28 . Memory (MB): peak = 2898.508 ; gain = 39.043 ; free physical = 13390 ; free virtual = 29167
Phase 1 Placer Initialization | Checksum: 1380edfec

Time (s): cpu = 00:00:00.54 ; elapsed = 00:00:00.28 . Memory (MB): peak = 2898.508 ; gain = 39.043 ; free physical = 13390 ; free virtual = 29167

Phase 2 Global Placement

Phase 2.1 Floorplanning
Phase 2.1 Floorplanning | Checksum: 1c8fbe70b

Time (s): cpu = 00:00:00.6 ; elapsed = 00:00:00.3 . Memory (MB): peak = 2898.508 ; gain = 39.043 ; free physical = 13385 ; free virtual = 29163

Phase 2.2 Update Timing before SLR Path Opt
Phase 2.2 Update Timing before SLR Path Opt | Checksum: 12ff529b7

Time (s): cpu = 00:00:00.63 ; elapsed = 00:00:00.31 . Memory (MB): peak = 2898.508 ; gain = 39.043 ; free physical = 13385 ; free virtual = 29162

Phase 2.3 Post-Processing in Floorplanning
Phase 2.3 Post-Processing in Floorplanning | Checksum: 12ff529b7

Time (s): cpu = 00:00:00.64 ; elapsed = 00:00:00.31 . Memory (MB): peak = 2898.508 ; gain = 39.043 ; free physical = 13385 ; free virtual = 29162

Phase 2.4 Global Place Phase1
Phase 2.4 Global Place Phase1 | Checksum: 1b189a69c

Time (s): cpu = 00:00:01 ; elapsed = 00:00:00.58 . Memory (MB): peak = 2898.508 ; gain = 39.043 ; free physical = 13366 ; free virtual = 29143

Phase 2.5 Global Place Phase2

Phase 2.5.1 UpdateTiming Before Physical Synthesis
Phase 2.5.1 UpdateTiming Before Physical Synthesis | Checksum: fabd48e9

Time (s): cpu = 00:00:01 ; elapsed = 00:00:00.61 . Memory (MB): peak = 2898.508 ; gain = 39.043 ; free physical = 13365 ; free virtual = 29143

Phase 2.5.2 Physical Synthesis In Placer
INFO: [Physopt 32-1044] Break lutnm for timing: one critical 0, two critical 0, total 0, new lutff created 0
INFO: [Physopt 32-1138] End 1 Pass. Optimized 0 net or LUT. Breaked 0 LUT, combined 0 existing LUT and moved 0 existing LUT
INFO: [Physopt 32-65] No nets found for high-fanout optimization.
INFO: [Physopt 32-232] Optimized 0 net. Created 0 new instance.
INFO: [Physopt 32-775] End 1 Pass. Optimized 0 net or cell. Created 0 new cell, deleted 0 existing cell and moved 0 existing cell
INFO: [Physopt 32-456] No candidate cells for DSP register optimization found in the design.
INFO: [Physopt 32-775] End 2 Pass. Optimized 0 net or cell. Created 0 new cell, deleted 0 existing cell and moved 0 existing cell
INFO: [Physopt 32-1123] No candidate cells found for Shift Register to Pipeline optimization
INFO: [Physopt 32-775] End 2 Pass. Optimized 0 net or cell. Created 0 new cell, deleted 0 existing cell and moved 0 existing cell
INFO: [Physopt 32-1401] No candidate cells found for Shift Register optimization.
INFO: [Physopt 32-677] No candidate cells for Shift Register optimization found in the design
INFO: [Physopt 32-775] End 1 Pass. Optimized 0 net or cell. Created 0 new cell, deleted 0 existing cell and moved 0 existing cell
INFO: [Physopt 32-526] No candidate cells for BRAM register optimization found in the design
INFO: [Physopt 32-775] End 1 Pass. Optimized 0 net or cell. Created 0 new cell, deleted 0 existing cell and moved 0 existing cell
INFO: [Physopt 32-846] No candidate cells for URAM register optimization found in the design
INFO: [Physopt 32-775] End 1 Pass. Optimized 0 net or cell. Created 0 new cell, deleted 0 existing cell and moved 0 existing cell
INFO: [Physopt 32-846] No candidate cells for URAM register optimization found in the design
INFO: [Physopt 32-775] End 1 Pass. Optimized 0 net or cell. Created 0 new cell, deleted 0 existing cell and moved 0 existing cell
INFO: [Physopt 32-949] No candidate nets found for dynamic/static region interface net replication
INFO: [Physopt 32-775] End 1 Pass. Optimized 0 net or cell. Created 0 new cell, deleted 0 existing cell and moved 0 existing cell
Netlist sorting complete. Time (s): cpu = 00:00:00 ; elapsed = 00:00:00 . Memory (MB): peak = 2898.508 ; gain = 0.000 ; free physical = 13367 ; free virtual = 29144

Summary of Physical Synthesis Optimizations
============================================


-----------------------------------------------------------------------------------------------------------------------------------------------------------
|  Optimization                                     |  Added Cells  |  Removed Cells  |  Optimized Cells/Nets  |  Dont Touch  |  Iterations  |  Elapsed   |
-----------------------------------------------------------------------------------------------------------------------------------------------------------
|  LUT Combining                                    |            0  |              0  |                     0  |           0  |           1  |  00:00:00  |
|  Retime                                           |            0  |              0  |                     0  |           0  |           1  |  00:00:00  |
|  Very High Fanout                                 |            0  |              0  |                     0  |           0  |           1  |  00:00:00  |
|  DSP Register                                     |            0  |              0  |                     0  |           0  |           1  |  00:00:00  |
|  Shift Register to Pipeline                       |            0  |              0  |                     0  |           0  |           1  |  00:00:00  |
|  Shift Register                                   |            0  |              0  |                     0  |           0  |           1  |  00:00:00  |
|  BRAM Register                                    |            0  |              0  |                     0  |           0  |           1  |  00:00:00  |
|  URAM Register                                    |            0  |              0  |                     0  |           0  |           1  |  00:00:00  |
|  Dynamic/Static Region Interface Net Replication  |            0  |              0  |                     0  |           0  |           1  |  00:00:00  |
|  Total                                            |            0  |              0  |                     0  |           0  |           9  |  00:00:00  |
-----------------------------------------------------------------------------------------------------------------------------------------------------------


Phase 2.5.2 Physical Synthesis In Placer | Checksum: fabd48e9

Time (s): cpu = 00:00:02 ; elapsed = 00:00:00.73 . Memory (MB): peak = 2898.508 ; gain = 39.043 ; free physical = 13367 ; free virtual = 29144
Phase 2.5 Global Place Phase2 | Checksum: 16c814fb1

Time (s): cpu = 00:00:02 ; elapsed = 00:00:00.76 . Memory (MB): peak = 2898.508 ; gain = 39.043 ; free physical = 13367 ; free virtual = 29144
Phase 2 Global Placement | Checksum: 16c814fb1

Time (s): cpu = 00:00:02 ; elapsed = 00:00:00.76 . Memory (MB): peak = 2898.508 ; gain = 39.043 ; free physical = 13367 ; free virtual = 29144

Phase 3 Detail Placement

Phase 3.1 Commit Multi Column Macros
Phase 3.1 Commit Multi Column Macros | Checksum: 171155199

Time (s): cpu = 00:00:02 ; elapsed = 00:00:00.77 . Memory (MB): peak = 2898.508 ; gain = 39.043 ; free physical = 13366 ; free virtual = 29143

Phase 3.2 Commit Most Macros & LUTRAMs
Phase 3.2 Commit Most Macros & LUTRAMs | Checksum: 1d3b56252

Time (s): cpu = 00:00:02 ; elapsed = 00:00:00.79 . Memory (MB): peak = 2898.508 ; gain = 39.043 ; free physical = 13366 ; free virtual = 29143

Phase 3.3 Area Swap Optimization
Phase 3.3 Area Swap Optimization | Checksum: 130cb1dd2

Time (s): cpu = 00:00:02 ; elapsed = 00:00:00.8 . Memory (MB): peak = 2898.508 ; gain = 39.043 ; free physical = 13366 ; free virtual = 29143

Phase 3.4 Pipeline Register Optimization
Phase 3.4 Pipeline Register Optimization | Checksum: 19ebd4bfe

Time (s): cpu = 00:00:02 ; elapsed = 00:00:00.8 . Memory (MB): peak = 2898.508 ; gain = 39.043 ; free physical = 13366 ; free virtual = 29143

Phase 3.5 Fast Optimization
Phase 3.5 Fast Optimization | Checksum: 1bf462551

Time (s): cpu = 00:00:02 ; elapsed = 00:00:00.88 . Memory (MB): peak = 2898.508 ; gain = 39.043 ; free physical = 13365 ; free virtual = 29142

Phase 3.6 Small Shape Detail Placement
Phase 3.6 Small Shape Detail Placement | Checksum: 24b11cb9b

Time (s): cpu = 00:00:02 ; elapsed = 00:00:00.95 . Memory (MB): peak = 2898.508 ; gain = 39.043 ; free physical = 13365 ; free virtual = 29142

Phase 3.7 Re-assign LUT pins
Phase 3.7 Re-assign LUT pins | Checksum: 24b11cb9b

Time (s): cpu = 00:00:02 ; elapsed = 00:00:00.95 . Memory (MB): peak = 2898.508 ; gain = 39.043 ; free physical = 13365 ; free virtual = 29142

Phase 3.8 Pipeline Register Optimization
Phase 3.8 Pipeline Register Optimization | Checksum: 1b90c1daf

Time (s): cpu = 00:00:02 ; elapsed = 00:00:00.96 . Memory (MB): peak = 2898.508 ; gain = 39.043 ; free physical = 13365 ; free virtual = 29142

Phase 3.9 Fast Optimization
Phase 3.9 Fast Optimization | Checksum: 1cb856b61

Time (s): cpu = 00:00:02 ; elapsed = 00:00:01 . Memory (MB): peak = 2898.508 ; gain = 39.043 ; free physical = 13364 ; free virtual = 29141
Phase 3 Detail Placement | Checksum: 1cb856b61

Time (s): cpu = 00:00:02 ; elapsed = 00:00:01 . Memory (MB): peak = 2898.508 ; gain = 39.043 ; free physical = 13364 ; free virtual = 29141

Phase 4 Post Placement Optimization and Clean-Up

Phase 4.1 Post Commit Optimization
INFO: [Timing 38-35] Done setting XDC timing constraints.

Phase 4.1.1 Post Placement Optimization
Post Placement Optimization Initialization | Checksum: 2084525f8

Phase 4.1.1.1 BUFG Insertion

Starting Physical Synthesis Task

Phase 1 Physical Synthesis Initialization
INFO: [Physopt 32-721] Multithreading enabled for phys_opt_design using a maximum of 8 CPUs
INFO: [Physopt 32-619] Estimated Timing Summary | WNS=-3.451 | TNS=-165.636 |
Phase 1 Physical Synthesis Initialization | Checksum: 24c1d6b7f

Time (s): cpu = 00:00:00.02 ; elapsed = 00:00:00.01 . Memory (MB): peak = 2898.508 ; gain = 0.000 ; free physical = 13363 ; free virtual = 29140
INFO: [Place 46-56] BUFG insertion identified 0 candidate nets. Inserted BUFG: 0, Replicated BUFG Driver: 0, Skipped due to Placement/Routing Conflicts: 0, Skipped due to Timing Degradation: 0, Skipped due to netlist editing failed: 0.
Ending Physical Synthesis Task | Checksum: 20766278c

Time (s): cpu = 00:00:00.02 ; elapsed = 00:00:00.01 . Memory (MB): peak = 2898.508 ; gain = 0.000 ; free physical = 13363 ; free virtual = 29140
Phase 4.1.1.1 BUFG Insertion | Checksum: 2084525f8

Time (s): cpu = 00:00:02 ; elapsed = 00:00:01 . Memory (MB): peak = 2898.508 ; gain = 39.043 ; free physical = 13363 ; free virtual = 29140

Phase 4.1.1.2 Post Placement Timing Optimization
INFO: [Place 30-746] Post Placement Timing Summary WNS=-3.296. For the most accurate timing information please run report_timing.
Phase 4.1.1.2 Post Placement Timing Optimization | Checksum: 148995bfa

Time (s): cpu = 00:00:07 ; elapsed = 00:00:05 . Memory (MB): peak = 2898.508 ; gain = 39.043 ; free physical = 13371 ; free virtual = 29148

Time (s): cpu = 00:00:07 ; elapsed = 00:00:05 . Memory (MB): peak = 2898.508 ; gain = 39.043 ; free physical = 13371 ; free virtual = 29148
Phase 4.1 Post Commit Optimization | Checksum: 148995bfa

Time (s): cpu = 00:00:07 ; elapsed = 00:00:05 . Memory (MB): peak = 2898.508 ; gain = 39.043 ; free physical = 13371 ; free virtual = 29148

Phase 4.2 Post Placement Cleanup
Phase 4.2 Post Placement Cleanup | Checksum: 148995bfa

Time (s): cpu = 00:00:07 ; elapsed = 00:00:05 . Memory (MB): peak = 2898.508 ; gain = 39.043 ; free physical = 13371 ; free virtual = 29148

Phase 4.3 Placer Reporting

Phase 4.3.1 Print Estimated Congestion
INFO: [Place 30-612] Post-Placement Estimated Congestion 
 ____________________________________________________
|           | Global Congestion | Short Congestion  |
| Direction | Region Size       | Region Size       |
|___________|___________________|___________________|
|      North|                1x1|                1x1|
|___________|___________________|___________________|
|      South|                1x1|                1x1|
|___________|___________________|___________________|
|       East|                1x1|                1x1|
|___________|___________________|___________________|
|       West|                1x1|                1x1|
|___________|___________________|___________________|

Phase 4.3.1 Print Estimated Congestion | Checksum: 148995bfa

Time (s): cpu = 00:00:07 ; elapsed = 00:00:05 . Memory (MB): peak = 2898.508 ; gain = 39.043 ; free physical = 13371 ; free virtual = 29148
Phase 4.3 Placer Reporting | Checksum: 148995bfa

Time (s): cpu = 00:00:07 ; elapsed = 00:00:05 . Memory (MB): peak = 2898.508 ; gain = 39.043 ; free physical = 13371 ; free virtual = 29148

Phase 4.4 Final Placement Cleanup
Netlist sorting complete. Time (s): cpu = 00:00:00 ; elapsed = 00:00:00 . Memory (MB): peak = 2898.508 ; gain = 0.000 ; free physical = 13371 ; free virtual = 29148

Time (s): cpu = 00:00:07 ; elapsed = 00:00:05 . Memory (MB): peak = 2898.508 ; gain = 39.043 ; free physical = 13371 ; free virtual = 29148
Phase 4 Post Placement Optimization and Clean-Up | Checksum: 148995bfa

Time (s): cpu = 00:00:07 ; elapsed = 00:00:05 . Memory (MB): peak = 2898.508 ; gain = 39.043 ; free physical = 13371 ; free virtual = 29148
Ending Placer Task | Checksum: 12c13f0b4

Time (s): cpu = 00:00:07 ; elapsed = 00:00:05 . Memory (MB): peak = 2898.508 ; gain = 39.043 ; free physical = 13371 ; free virtual = 29148
71 Infos, 0 Warnings, 0 Critical Warnings and 0 Errors encountered.
place_design completed successfully
place_design: Time (s): cpu = 00:00:07 ; elapsed = 00:00:05 . Memory (MB): peak = 2898.508 ; gain = 39.043 ; free physical = 13371 ; free virtual = 29148
INFO: [Vivado 12-24838] Running report commands "report_control_sets, report_io, report_utilization" in parallel.
Running report generation with 3 threads.
INFO: [Vivado 12-24828] Executing command : report_control_sets -verbose -file fir_plined_control_sets_placed.rpt
report_control_sets: Time (s): cpu = 00:00:00.01 ; elapsed = 00:00:00.05 . Memory (MB): peak = 2898.508 ; gain = 0.000 ; free physical = 13359 ; free virtual = 29137
INFO: [Vivado 12-24828] Executing command : report_utilization -file fir_plined_utilization_placed.rpt -pb fir_plined_utilization_placed.pb
INFO: [Vivado 12-24828] Executing command : report_io -file fir_plined_io_placed.rpt
report_io: Time (s): cpu = 00:00:00.12 ; elapsed = 00:00:00.16 . Memory (MB): peak = 2898.508 ; gain = 0.000 ; free physical = 13364 ; free virtual = 29141
INFO: [Timing 38-480] Writing timing data to binary archive.
Wrote PlaceDB: Time (s): cpu = 00:00:00 ; elapsed = 00:00:00 . Memory (MB): peak = 2898.508 ; gain = 0.000 ; free physical = 13364 ; free virtual = 29141
Wrote PulsedLatchDB: Time (s): cpu = 00:00:00 ; elapsed = 00:00:00 . Memory (MB): peak = 2898.508 ; gain = 0.000 ; free physical = 13364 ; free virtual = 29141
Writing XDEF routing.
Write ShapeDB Complete: Time (s): cpu = 00:00:00.01 ; elapsed = 00:00:00 . Memory (MB): peak = 2898.508 ; gain = 0.000 ; free physical = 13364 ; free virtual = 29141
Writing XDEF routing logical nets.
Writing XDEF routing special nets.
Wrote RouteStorage: Time (s): cpu = 00:00:00.03 ; elapsed = 00:00:00.01 . Memory (MB): peak = 2898.508 ; gain = 0.000 ; free physical = 13364 ; free virtual = 29141
Wrote PlaceStorage: Time (s): cpu = 00:00:00.01 ; elapsed = 00:00:00.01 . Memory (MB): peak = 2898.508 ; gain = 0.000 ; free physical = 13364 ; free virtual = 29141
Wrote Netlist Cache: Time (s): cpu = 00:00:00 ; elapsed = 00:00:00 . Memory (MB): peak = 2898.508 ; gain = 0.000 ; free physical = 13364 ; free virtual = 29141
Wrote Device Cache: Time (s): cpu = 00:00:00.01 ; elapsed = 00:00:00 . Memory (MB): peak = 2898.508 ; gain = 0.000 ; free physical = 13364 ; free virtual = 29142
Write Physdb Complete: Time (s): cpu = 00:00:00.05 ; elapsed = 00:00:00.02 . Memory (MB): peak = 2898.508 ; gain = 0.000 ; free physical = 13364 ; free virtual = 29142
INFO: [Common 17-1381] The checkpoint '/home/serhii/workspace/fpga/fpga_dev_curses/lesson_6_7/Task_3_plined/Task_3_plined.runs/impl_1/fir_plined_placed.dcp' has been generated.
Command: phys_opt_design
Attempting to get a license for feature 'Implementation' and/or device 'xc7z020'
INFO: [Common 17-349] Got license for feature 'Implementation' and/or device 'xc7z020'

Starting Initial Update Timing Task

Time (s): cpu = 00:00:00.06 ; elapsed = 00:00:00.04 . Memory (MB): peak = 2898.508 ; gain = 0.000 ; free physical = 13368 ; free virtual = 29146
INFO: [Vivado_Tcl 4-1435] PhysOpt_Tcl_Interface Runtime Before Starting Physical Synthesis Task | CPU: 0.07s |  WALL: 0.04s
Netlist sorting complete. Time (s): cpu = 00:00:00 ; elapsed = 00:00:00 . Memory (MB): peak = 2898.508 ; gain = 0.000 ; free physical = 13368 ; free virtual = 29146

Starting Physical Synthesis Task

Phase 1 Physical Synthesis Initialization
INFO: [Physopt 32-721] Multithreading enabled for phys_opt_design using a maximum of 8 CPUs
INFO: [Physopt 32-619] Estimated Timing Summary | WNS=-3.296 | TNS=-158.196 |
Phase 1 Physical Synthesis Initialization | Checksum: 1ce91da0c

Time (s): cpu = 00:00:00.14 ; elapsed = 00:00:00.06 . Memory (MB): peak = 2898.508 ; gain = 0.000 ; free physical = 13368 ; free virtual = 29146
INFO: [Physopt 32-619] Estimated Timing Summary | WNS=-3.296 | TNS=-158.196 |

Phase 2 DSP Register Optimization
INFO: [Physopt 32-456] No candidate cells for DSP register optimization found in the design.
INFO: [Physopt 32-775] End 2 Pass. Optimized 0 net or cell. Created 0 new cell, deleted 0 existing cell and moved 0 existing cell
Phase 2 DSP Register Optimization | Checksum: 1ce91da0c

Time (s): cpu = 00:00:00.16 ; elapsed = 00:00:00.06 . Memory (MB): peak = 2898.508 ; gain = 0.000 ; free physical = 13368 ; free virtual = 29146

Phase 3 Critical Path Optimization
INFO: [Physopt 32-619] Estimated Timing Summary | WNS=-3.296 | TNS=-158.196 |
INFO: [Physopt 32-702] Processed net result0__1_n_105. Optimizations did not improve timing on the net.
INFO: [Physopt 32-702] Processed net x3_reg[15]. Optimizations did not improve timing on the net.
INFO: [Physopt 32-702] Processed net result0__0_n_153. Optimizations did not improve timing on the net.
INFO: [Physopt 32-702] Processed net result0_n_106. Optimizations did not improve timing on the net.
INFO: [Physopt 32-702] Processed net result1_n_106. Optimizations did not improve timing on the net.
INFO: [Physopt 32-702] Processed net clk_IBUF. Optimizations did not improve timing on the net.
INFO: [Physopt 32-702] Processed net clk. Optimizations did not improve timing on the net.
INFO: [Physopt 32-702] Processed net result0__1_n_105. Optimizations did not improve timing on the net.
INFO: [Physopt 32-702] Processed net x3_reg[15]. Optimizations did not improve timing on the net.
INFO: [Physopt 32-702] Processed net clk_IBUF. Optimizations did not improve timing on the net.
INFO: [Physopt 32-702] Processed net clk. Optimizations did not improve timing on the net.
INFO: [Physopt 32-619] Estimated Timing Summary | WNS=-3.296 | TNS=-158.196 |
Netlist sorting complete. Time (s): cpu = 00:00:00 ; elapsed = 00:00:00 . Memory (MB): peak = 2898.508 ; gain = 0.000 ; free physical = 13367 ; free virtual = 29145
Phase 3 Critical Path Optimization | Checksum: 1ce91da0c

Time (s): cpu = 00:00:00.69 ; elapsed = 00:00:00.23 . Memory (MB): peak = 2898.508 ; gain = 0.000 ; free physical = 13367 ; free virtual = 29145
Netlist sorting complete. Time (s): cpu = 00:00:00 ; elapsed = 00:00:00 . Memory (MB): peak = 2898.508 ; gain = 0.000 ; free physical = 13367 ; free virtual = 29145
INFO: [Physopt 32-603] Post Physical Optimization Timing Summary | WNS=-3.296 | TNS=-158.196 |

Summary of Physical Synthesis Optimizations
============================================


-------------------------------------------------------------------------------------------------------------------------------------------------------------
|  Optimization   |  WNS Gain (ns)  |  TNS Gain (ns)  |  Added Cells  |  Removed Cells  |  Optimized Cells/Nets  |  Dont Touch  |  Iterations  |  Elapsed   |
-------------------------------------------------------------------------------------------------------------------------------------------------------------
|  DSP Register   |          0.000  |          0.000  |            0  |              0  |                     0  |           0  |           1  |  00:00:00  |
|  Critical Path  |          0.000  |          0.000  |            0  |              0  |                     0  |           0  |           1  |  00:00:00  |
|  Total          |          0.000  |          0.000  |            0  |              0  |                     0  |           0  |           2  |  00:00:00  |
-------------------------------------------------------------------------------------------------------------------------------------------------------------


Netlist sorting complete. Time (s): cpu = 00:00:00 ; elapsed = 00:00:00 . Memory (MB): peak = 2898.508 ; gain = 0.000 ; free physical = 13367 ; free virtual = 29145
Ending Physical Synthesis Task | Checksum: 1e1632878

Time (s): cpu = 00:00:00.69 ; elapsed = 00:00:00.23 . Memory (MB): peak = 2898.508 ; gain = 0.000 ; free physical = 13367 ; free virtual = 29145
INFO: [Common 17-83] Releasing license: Implementation
99 Infos, 0 Warnings, 0 Critical Warnings and 0 Errors encountered.
phys_opt_design completed successfully
INFO: [Timing 38-480] Writing timing data to binary archive.
Wrote PlaceDB: Time (s): cpu = 00:00:00 ; elapsed = 00:00:00 . Memory (MB): peak = 2898.508 ; gain = 0.000 ; free physical = 13367 ; free virtual = 29145
Wrote PulsedLatchDB: Time (s): cpu = 00:00:00 ; elapsed = 00:00:00 . Memory (MB): peak = 2898.508 ; gain = 0.000 ; free physical = 13367 ; free virtual = 29145
Writing XDEF routing.
Write ShapeDB Complete: Time (s): cpu = 00:00:00 ; elapsed = 00:00:00 . Memory (MB): peak = 2898.508 ; gain = 0.000 ; free physical = 13367 ; free virtual = 29145
Writing XDEF routing logical nets.
Writing XDEF routing special nets.
Wrote RouteStorage: Time (s): cpu = 00:00:00.03 ; elapsed = 00:00:00.01 . Memory (MB): peak = 2898.508 ; gain = 0.000 ; free physical = 13367 ; free virtual = 29145
Wrote PlaceStorage: Time (s): cpu = 00:00:00.01 ; elapsed = 00:00:00 . Memory (MB): peak = 2898.508 ; gain = 0.000 ; free physical = 13367 ; free virtual = 29146
Wrote Netlist Cache: Time (s): cpu = 00:00:00 ; elapsed = 00:00:00 . Memory (MB): peak = 2898.508 ; gain = 0.000 ; free physical = 13367 ; free virtual = 29146
Wrote Device Cache: Time (s): cpu = 00:00:00 ; elapsed = 00:00:00 . Memory (MB): peak = 2898.508 ; gain = 0.000 ; free physical = 13367 ; free virtual = 29145
Write Physdb Complete: Time (s): cpu = 00:00:00.04 ; elapsed = 00:00:00.02 . Memory (MB): peak = 2898.508 ; gain = 0.000 ; free physical = 13367 ; free virtual = 29145
INFO: [Common 17-1381] The checkpoint '/home/serhii/workspace/fpga/fpga_dev_curses/lesson_6_7/Task_3_plined/Task_3_plined.runs/impl_1/fir_plined_physopt.dcp' has been generated.
Command: route_design
Attempting to get a license for feature 'Implementation' and/or device 'xc7z020'
INFO: [Common 17-349] Got license for feature 'Implementation' and/or device 'xc7z020'


Starting Routing Task
INFO: [Route 35-254] Multithreading enabled for route_design using a maximum of 8 CPUs

Phase 1 Build RT Design
Checksum: PlaceDB: 357a8039 ConstDB: 0 ShapeSum: e09ffd8b RouteDB: 15f972f0
Post Restoration Checksum: NetGraph: 2f78e542 | NumContArr: 70ea5508 | Constraints: c2a8fa9d | Timing: c2a8fa9d
Phase 1 Build RT Design | Checksum: 225b52f84

Time (s): cpu = 00:00:10 ; elapsed = 00:00:09 . Memory (MB): peak = 2898.508 ; gain = 0.000 ; free physical = 13389 ; free virtual = 29167

Phase 2 Router Initialization

Phase 2.1 Fix Topology Constraints
Phase 2.1 Fix Topology Constraints | Checksum: 225b52f84

Time (s): cpu = 00:00:10 ; elapsed = 00:00:09 . Memory (MB): peak = 2898.508 ; gain = 0.000 ; free physical = 13389 ; free virtual = 29167

Phase 2.2 Pre Route Cleanup
Phase 2.2 Pre Route Cleanup | Checksum: 225b52f84

Time (s): cpu = 00:00:10 ; elapsed = 00:00:09 . Memory (MB): peak = 2898.508 ; gain = 0.000 ; free physical = 13389 ; free virtual = 29167
 Number of Nodes with overlaps = 0

Phase 2.3 Update Timing
Phase 2.3 Update Timing | Checksum: 16dff2aa6

Time (s): cpu = 00:00:11 ; elapsed = 00:00:09 . Memory (MB): peak = 2898.508 ; gain = 0.000 ; free physical = 13389 ; free virtual = 29167
INFO: [Route 35-416] Intermediate Timing Summary | WNS=-3.374 | TNS=-161.935| WHS=0.325  | THS=0.000  |


Phase 2.4 Soft Constraint Pins - Fast Budgeting
Phase 2.4 Soft Constraint Pins - Fast Budgeting | Checksum: 1548b885e

Time (s): cpu = 00:00:11 ; elapsed = 00:00:09 . Memory (MB): peak = 2898.508 ; gain = 0.000 ; free physical = 13381 ; free virtual = 29159

Router Utilization Summary
  Global Vertical Routing Utilization    = 0 %
  Global Horizontal Routing Utilization  = 0 %
  Routable Net Status*
  *Does not include unroutable nets such as driverless and loadless.
  Run report_route_status for detailed report.
  Number of Failed Nets               = 470
    (Failed Nets is the sum of unrouted and partially routed nets)
  Number of Unrouted Nets             = 470
  Number of Partially Routed Nets     = 0
  Number of Node Overlaps             = 0

Phase 2 Router Initialization | Checksum: 1548b885e

Time (s): cpu = 00:00:11 ; elapsed = 00:00:09 . Memory (MB): peak = 2898.508 ; gain = 0.000 ; free physical = 13381 ; free virtual = 29159

Phase 3 Global Routing
Phase 3 Global Routing | Checksum: 1548b885e

Time (s): cpu = 00:00:11 ; elapsed = 00:00:09 . Memory (MB): peak = 2898.508 ; gain = 0.000 ; free physical = 13381 ; free virtual = 29159

Phase 4 Initial Routing

Phase 4.1 Initial Net Routing Pass
Phase 4.1 Initial Net Routing Pass | Checksum: 29b217163

Time (s): cpu = 00:00:11 ; elapsed = 00:00:09 . Memory (MB): peak = 2898.508 ; gain = 0.000 ; free physical = 13381 ; free virtual = 29159
Phase 4 Initial Routing | Checksum: 29b217163

Time (s): cpu = 00:00:11 ; elapsed = 00:00:09 . Memory (MB): peak = 2898.508 ; gain = 0.000 ; free physical = 13381 ; free virtual = 29159

Phase 5 Rip-up And Reroute

Phase 5.1 Global Iteration 0
 Number of Nodes with overlaps = 2
 Number of Nodes with overlaps = 0
INFO: [Route 35-416] Intermediate Timing Summary | WNS=-3.477 | TNS=-166.879| WHS=N/A    | THS=N/A    |

Phase 5.1 Global Iteration 0 | Checksum: 2e658627c

Time (s): cpu = 00:00:11 ; elapsed = 00:00:09 . Memory (MB): peak = 2898.508 ; gain = 0.000 ; free physical = 13381 ; free virtual = 29159

Phase 5.2 Global Iteration 1
 Number of Nodes with overlaps = 0
INFO: [Route 35-416] Intermediate Timing Summary | WNS=-3.465 | TNS=-166.303| WHS=N/A    | THS=N/A    |

Phase 5.2 Global Iteration 1 | Checksum: 22c627000

Time (s): cpu = 00:00:11 ; elapsed = 00:00:09 . Memory (MB): peak = 2898.508 ; gain = 0.000 ; free physical = 13381 ; free virtual = 29159
Phase 5 Rip-up And Reroute | Checksum: 22c627000

Time (s): cpu = 00:00:11 ; elapsed = 00:00:09 . Memory (MB): peak = 2898.508 ; gain = 0.000 ; free physical = 13381 ; free virtual = 29159

Phase 6 Delay and Skew Optimization

Phase 6.1 Delay CleanUp

Phase 6.1.1 Update Timing
Phase 6.1.1 Update Timing | Checksum: 2c193e38e

Time (s): cpu = 00:00:11 ; elapsed = 00:00:09 . Memory (MB): peak = 2898.508 ; gain = 0.000 ; free physical = 13381 ; free virtual = 29159
INFO: [Route 35-416] Intermediate Timing Summary | WNS=-3.334 | TNS=-160.015| WHS=N/A    | THS=N/A    |

 Number of Nodes with overlaps = 0
Phase 6.1 Delay CleanUp | Checksum: 2c63686b0

Time (s): cpu = 00:00:11 ; elapsed = 00:00:09 . Memory (MB): peak = 2898.508 ; gain = 0.000 ; free physical = 13381 ; free virtual = 29159

Phase 6.2 Clock Skew Optimization
Phase 6.2 Clock Skew Optimization | Checksum: 2c63686b0

Time (s): cpu = 00:00:11 ; elapsed = 00:00:09 . Memory (MB): peak = 2898.508 ; gain = 0.000 ; free physical = 13381 ; free virtual = 29159
Phase 6 Delay and Skew Optimization | Checksum: 2c63686b0

Time (s): cpu = 00:00:11 ; elapsed = 00:00:09 . Memory (MB): peak = 2898.508 ; gain = 0.000 ; free physical = 13381 ; free virtual = 29159

Phase 7 Post Hold Fix

Phase 7.1 Hold Fix Iter
INFO: [Route 35-416] Intermediate Timing Summary | WNS=-3.334 | TNS=-160.015| WHS=0.636  | THS=0.000  |

Phase 7.1 Hold Fix Iter | Checksum: 2a1c04155

Time (s): cpu = 00:00:11 ; elapsed = 00:00:09 . Memory (MB): peak = 2898.508 ; gain = 0.000 ; free physical = 13381 ; free virtual = 29159
Phase 7 Post Hold Fix | Checksum: 2a1c04155

Time (s): cpu = 00:00:11 ; elapsed = 00:00:09 . Memory (MB): peak = 2898.508 ; gain = 0.000 ; free physical = 13381 ; free virtual = 29159

Phase 8 Route finalize

Router Utilization Summary
  Global Vertical Routing Utilization    = 0.363674 %
  Global Horizontal Routing Utilization  = 0.310683 %
  Routable Net Status*
  *Does not include unroutable nets such as driverless and loadless.
  Run report_route_status for detailed report.
  Number of Failed Nets               = 0
    (Failed Nets is the sum of unrouted and partially routed nets)
  Number of Unrouted Nets             = 0
  Number of Partially Routed Nets     = 0
  Number of Node Overlaps             = 0


--GLOBAL Congestion:
Utilization threshold used for congestion level computation: 0.85
Congestion Report
North Dir 1x1 Area, Max Cong = 25.2252%, No Congested Regions.
South Dir 1x1 Area, Max Cong = 48.6486%, No Congested Regions.
East Dir 1x1 Area, Max Cong = 29.4118%, No Congested Regions.
West Dir 1x1 Area, Max Cong = 35.2941%, No Congested Regions.

------------------------------
Reporting congestion hotspots
------------------------------
Direction: North
----------------
Congested clusters found at Level 0
Effective congestion level: 0 Aspect Ratio: 1 Sparse Ratio: 0
Direction: South
----------------
Congested clusters found at Level 0
Effective congestion level: 0 Aspect Ratio: 1 Sparse Ratio: 0
Direction: East
----------------
Congested clusters found at Level 0
Effective congestion level: 0 Aspect Ratio: 1 Sparse Ratio: 0
Direction: West
----------------
Congested clusters found at Level 0
Effective congestion level: 0 Aspect Ratio: 1 Sparse Ratio: 0

Phase 8 Route finalize | Checksum: 2a1c04155

Time (s): cpu = 00:00:11 ; elapsed = 00:00:09 . Memory (MB): peak = 2898.508 ; gain = 0.000 ; free physical = 13381 ; free virtual = 29159

Phase 9 Verifying routed nets

 Verification completed successfully
Phase 9 Verifying routed nets | Checksum: 2a1c04155

Time (s): cpu = 00:00:11 ; elapsed = 00:00:09 . Memory (MB): peak = 2898.508 ; gain = 0.000 ; free physical = 13381 ; free virtual = 29159

Phase 10 Depositing Routes
Phase 10 Depositing Routes | Checksum: 225c66679

Time (s): cpu = 00:00:11 ; elapsed = 00:00:09 . Memory (MB): peak = 2898.508 ; gain = 0.000 ; free physical = 13381 ; free virtual = 29159

Phase 11 Post Process Routing
Phase 11 Post Process Routing | Checksum: 225c66679

Time (s): cpu = 00:00:11 ; elapsed = 00:00:09 . Memory (MB): peak = 2898.508 ; gain = 0.000 ; free physical = 13381 ; free virtual = 29159

Phase 12 Post Router Timing
INFO: [Route 35-57] Estimated Timing Summary | WNS=-3.334 | TNS=-160.015| WHS=0.636  | THS=0.000  |

WARNING: [Route 35-328] Router estimated timing not met.
Resolution: For a complete and accurate timing signoff, report_timing_summary must be run after route_design. Alternatively, route_design can be run with the -timing_summary option to enable a complete timing signoff at the end of route_design.
Phase 12 Post Router Timing | Checksum: 225c66679

Time (s): cpu = 00:00:11 ; elapsed = 00:00:09 . Memory (MB): peak = 2898.508 ; gain = 0.000 ; free physical = 13381 ; free virtual = 29159
Total Elapsed time in route_design: 9.29 secs

Phase 13 Post-Route Event Processing
Phase 13 Post-Route Event Processing | Checksum: 1faece826

Time (s): cpu = 00:00:11 ; elapsed = 00:00:09 . Memory (MB): peak = 2898.508 ; gain = 0.000 ; free physical = 13381 ; free virtual = 29159
INFO: [Route 35-16] Router Completed Successfully
Ending Routing Task | Checksum: 1faece826

Time (s): cpu = 00:00:11 ; elapsed = 00:00:09 . Memory (MB): peak = 2898.508 ; gain = 0.000 ; free physical = 13381 ; free virtual = 29159

Routing Is Done.
INFO: [Common 17-83] Releasing license: Implementation
111 Infos, 1 Warnings, 0 Critical Warnings and 0 Errors encountered.
route_design completed successfully
route_design: Time (s): cpu = 00:00:11 ; elapsed = 00:00:09 . Memory (MB): peak = 2898.508 ; gain = 0.000 ; free physical = 13381 ; free virtual = 29159
INFO: [Vivado 12-24828] Executing command : report_drc -file fir_plined_drc_routed.rpt -pb fir_plined_drc_routed.pb -rpx fir_plined_drc_routed.rpx
Command: report_drc -file fir_plined_drc_routed.rpt -pb fir_plined_drc_routed.pb -rpx fir_plined_drc_routed.rpx
INFO: [IP_Flow 19-1839] IP Catalog is up to date.
INFO: [DRC 23-27] Running DRC with 8 threads
INFO: [Vivado_Tcl 2-168] The results of DRC are in file /home/serhii/workspace/fpga/fpga_dev_curses/lesson_6_7/Task_3_plined/Task_3_plined.runs/impl_1/fir_plined_drc_routed.rpt.
report_drc completed successfully
INFO: [Vivado 12-24828] Executing command : report_methodology -file fir_plined_methodology_drc_routed.rpt -pb fir_plined_methodology_drc_routed.pb -rpx fir_plined_methodology_drc_routed.rpx
Command: report_methodology -file fir_plined_methodology_drc_routed.rpt -pb fir_plined_methodology_drc_routed.pb -rpx fir_plined_methodology_drc_routed.rpx
INFO: [Timing 38-35] Done setting XDC timing constraints.
INFO: [DRC 23-133] Running Methodology with 8 threads
INFO: [Vivado_Tcl 2-1520] The results of Report Methodology are in file /home/serhii/workspace/fpga/fpga_dev_curses/lesson_6_7/Task_3_plined/Task_3_plined.runs/impl_1/fir_plined_methodology_drc_routed.rpt.
report_methodology completed successfully
INFO: [Vivado 12-24828] Executing command : report_timing_summary -max_paths 10 -routable_nets -report_unconstrained -file fir_plined_timing_summary_routed.rpt -pb fir_plined_timing_summary_routed.pb -rpx fir_plined_timing_summary_routed.rpx -warn_on_violation 
INFO: [Timing 38-35] Done setting XDC timing constraints.
INFO: [Timing 38-91] UpdateTimingParams: Speed grade: -2, Delay Type: min_max.
INFO: [Timing 38-191] Multithreading enabled for timing update using a maximum of 8 CPUs
CRITICAL WARNING: [Timing 38-282] The design failed to meet the timing requirements. Please see the timing summary report for details on the timing violations.
INFO: [Vivado 12-24838] Running report commands "report_bus_skew, report_incremental_reuse, report_route_status" in parallel.
Running report generation with 3 threads.
INFO: [Vivado 12-24828] Executing command : report_route_status -file fir_plined_route_status.rpt -pb fir_plined_route_status.pb
INFO: [Vivado 12-24828] Executing command : report_incremental_reuse -file fir_plined_incremental_reuse_routed.rpt
INFO: [Vivado_Tcl 4-1062] Incremental flow is disabled. No incremental reuse Info to report.
INFO: [Vivado 12-24828] Executing command : report_bus_skew -warn_on_violation -file fir_plined_bus_skew_routed.rpt -pb fir_plined_bus_skew_routed.pb -rpx fir_plined_bus_skew_routed.rpx
INFO: [Timing 38-91] UpdateTimingParams: Speed grade: -2, Delay Type: min_max.
INFO: [Timing 38-191] Multithreading enabled for timing update using a maximum of 8 CPUs
INFO: [Vivado 12-24828] Executing command : report_power -file fir_plined_power_routed.rpt -pb fir_plined_power_summary_routed.pb -rpx fir_plined_power_routed.rpx
Command: report_power -file fir_plined_power_routed.rpt -pb fir_plined_power_summary_routed.pb -rpx fir_plined_power_routed.rpx
Running Vector-less Activity Propagation...

Finished Running Vector-less Activity Propagation
131 Infos, 1 Warnings, 1 Critical Warnings and 0 Errors encountered.
report_power completed successfully
INFO: [Vivado 12-24828] Executing command : report_clock_utilization -file fir_plined_clock_utilization_routed.rpt
INFO: [Timing 38-480] Writing timing data to binary archive.
Wrote PlaceDB: Time (s): cpu = 00:00:00 ; elapsed = 00:00:00 . Memory (MB): peak = 2922.602 ; gain = 0.000 ; free physical = 13387 ; free virtual = 29166
Wrote PulsedLatchDB: Time (s): cpu = 00:00:00 ; elapsed = 00:00:00 . Memory (MB): peak = 2922.602 ; gain = 0.000 ; free physical = 13387 ; free virtual = 29166
Writing XDEF routing.
Write ShapeDB Complete: Time (s): cpu = 00:00:00.01 ; elapsed = 00:00:00 . Memory (MB): peak = 2922.602 ; gain = 0.000 ; free physical = 13387 ; free virtual = 29166
Writing XDEF routing logical nets.
Writing XDEF routing special nets.
Wrote RouteStorage: Time (s): cpu = 00:00:00.04 ; elapsed = 00:00:00.01 . Memory (MB): peak = 2922.602 ; gain = 0.000 ; free physical = 13387 ; free virtual = 29166
Wrote PlaceStorage: Time (s): cpu = 00:00:00.01 ; elapsed = 00:00:00.01 . Memory (MB): peak = 2922.602 ; gain = 0.000 ; free physical = 13387 ; free virtual = 29166
Wrote Netlist Cache: Time (s): cpu = 00:00:00 ; elapsed = 00:00:00 . Memory (MB): peak = 2922.602 ; gain = 0.000 ; free physical = 13387 ; free virtual = 29166
Wrote Device Cache: Time (s): cpu = 00:00:00 ; elapsed = 00:00:00 . Memory (MB): peak = 2922.602 ; gain = 0.000 ; free physical = 13386 ; free virtual = 29166
Write Physdb Complete: Time (s): cpu = 00:00:00.05 ; elapsed = 00:00:00.02 . Memory (MB): peak = 2922.602 ; gain = 0.000 ; free physical = 13386 ; free virtual = 29166
INFO: [Common 17-1381] The checkpoint '/home/serhii/workspace/fpga/fpga_dev_curses/lesson_6_7/Task_3_plined/Task_3_plined.runs/impl_1/fir_plined_routed.dcp' has been generated.
INFO: [Common 17-206] Exiting Vivado at Tue Sep 15 23:37:40 2026...
